[debug] [2026-01-12T07:43:34.322Z] ----------------------------------------------------------------------
[debug] [2026-01-12T07:43:34.325Z] Command:       C:\Program Files\nodejs\node.exe C:\Users\Mohamed faseed\AppData\Roaming\npm\node_modules\firebase-tools\lib\bin\firebase.js deploy
[debug] [2026-01-12T07:43:34.326Z] CLI Version:   15.2.1
[debug] [2026-01-12T07:43:34.326Z] Platform:      win32
[debug] [2026-01-12T07:43:34.326Z] Node Version:  v24.11.1
[debug] [2026-01-12T07:43:34.326Z] Time:          Mon Jan 12 2026 13:13:34 GMT+0530 (India Standard Time)
[debug] [2026-01-12T07:43:34.326Z] ----------------------------------------------------------------------
[debug] 
[debug] [2026-01-12T07:43:38.788Z] > command requires scopes: ["email","openid","https://www.googleapis.com/auth/cloudplatformprojects.readonly","https://www.googleapis.com/auth/firebase","https://www.googleapis.com/auth/cloud-platform"]
[debug] [2026-01-12T07:43:38.789Z] > authorizing via signed-in user (faseedmohamed6@gmail.com)
[debug] [2026-01-12T07:43:38.790Z] [iam] checking project renomatedialysis for permissions ["cloudfunctions.functions.create","cloudfunctions.functions.delete","cloudfunctions.functions.get","cloudfunctions.functions.list","cloudfunctions.functions.update","cloudfunctions.operations.get","datastore.indexes.create","datastore.indexes.delete","datastore.indexes.list","datastore.indexes.update","firebase.projects.get",null]
[debug] [2026-01-12T07:43:38.794Z] Checked if tokens are valid: false, expires at: 1768159844509
[debug] [2026-01-12T07:43:38.795Z] Checked if tokens are valid: false, expires at: 1768159844509
[debug] [2026-01-12T07:43:38.796Z] > refreshing access token with scopes: []
[debug] [2026-01-12T07:43:38.801Z] >>> [apiv2][query] POST https://www.googleapis.com/oauth2/v3/token [none]
[debug] [2026-01-12T07:43:38.801Z] >>> [apiv2][body] POST https://www.googleapis.com/oauth2/v3/token [omitted]
[debug] [2026-01-12T07:43:39.291Z] <<< [apiv2][status] POST https://www.googleapis.com/oauth2/v3/token 200
[debug] [2026-01-12T07:43:39.292Z] <<< [apiv2][body] POST https://www.googleapis.com/oauth2/v3/token [omitted]
[debug] [2026-01-12T07:43:39.307Z] >>> [apiv2][query] POST https://cloudresourcemanager.googleapis.com/v1/projects/renomatedialysis:testIamPermissions [none]
[debug] [2026-01-12T07:43:39.308Z] >>> [apiv2][(partial)header] POST https://cloudresourcemanager.googleapis.com/v1/projects/renomatedialysis:testIamPermissions x-goog-quota-user=projects/renomatedialysis
[debug] [2026-01-12T07:43:39.308Z] >>> [apiv2][body] POST https://cloudresourcemanager.googleapis.com/v1/projects/renomatedialysis:testIamPermissions {"permissions":["cloudfunctions.functions.create","cloudfunctions.functions.delete","cloudfunctions.functions.get","cloudfunctions.functions.list","cloudfunctions.functions.update","cloudfunctions.operations.get","datastore.indexes.create","datastore.indexes.delete","datastore.indexes.list","datastore.indexes.update","firebase.projects.get",null]}
[debug] [2026-01-12T07:43:40.872Z] <<< [apiv2][status] POST https://cloudresourcemanager.googleapis.com/v1/projects/renomatedialysis:testIamPermissions 200
[debug] [2026-01-12T07:43:40.872Z] <<< [apiv2][body] POST https://cloudresourcemanager.googleapis.com/v1/projects/renomatedialysis:testIamPermissions {"permissions":["cloudfunctions.functions.create","cloudfunctions.functions.delete","cloudfunctions.functions.get","cloudfunctions.functions.list","cloudfunctions.functions.update","cloudfunctions.operations.get","datastore.indexes.create","datastore.indexes.delete","datastore.indexes.list","datastore.indexes.update","firebase.projects.get"]}
[debug] [2026-01-12T07:43:40.872Z] [iam] error while checking permissions, command may fail: Authorization failed. This account is missing the following required permissions on project renomatedialysis:

  
[debug] [2026-01-12T07:43:40.873Z] Checked if tokens are valid: true, expires at: 1768207418292
[debug] [2026-01-12T07:43:40.873Z] Checked if tokens are valid: true, expires at: 1768207418292
[debug] [2026-01-12T07:43:40.873Z] >>> [apiv2][query] POST https://iam.googleapis.com/v1/projects/renomatedialysis/serviceAccounts/renomatedialysis@appspot.gserviceaccount.com:testIamPermissions [none]
[debug] [2026-01-12T07:43:40.873Z] >>> [apiv2][body] POST https://iam.googleapis.com/v1/projects/renomatedialysis/serviceAccounts/renomatedialysis@appspot.gserviceaccount.com:testIamPermissions {"permissions":["iam.serviceAccounts.actAs"]}
[debug] [2026-01-12T07:43:42.668Z] <<< [apiv2][status] POST https://iam.googleapis.com/v1/projects/renomatedialysis/serviceAccounts/renomatedialysis@appspot.gserviceaccount.com:testIamPermissions 200
[debug] [2026-01-12T07:43:42.669Z] <<< [apiv2][body] POST https://iam.googleapis.com/v1/projects/renomatedialysis/serviceAccounts/renomatedialysis@appspot.gserviceaccount.com:testIamPermissions {"permissions":["iam.serviceAccounts.actAs"]}
[info] 
[info] === Deploying to 'renomatedialysis'...
[info] 
[info] i  deploying firestore, functions, apphosting 
[info] i  firestore: ensuring required API firestore.googleapis.com is enabled... 
[info] i  firestore: ensuring required API firestore.googleapis.com is enabled... 
[debug] [2026-01-12T07:43:42.679Z] Checked if tokens are valid: true, expires at: 1768207418292
[debug] [2026-01-12T07:43:42.679Z] Checked if tokens are valid: true, expires at: 1768207418292
[debug] [2026-01-12T07:43:42.680Z] >>> [apiv2][query] GET https://firestore.googleapis.com/v1/projects/renomatedialysis/databases/(default) [none]
[debug] [2026-01-12T07:43:43.945Z] <<< [apiv2][status] GET https://firestore.googleapis.com/v1/projects/renomatedialysis/databases/(default) 200
[debug] [2026-01-12T07:43:43.946Z] <<< [apiv2][body] GET https://firestore.googleapis.com/v1/projects/renomatedialysis/databases/(default) {"name":"projects/renomatedialysis/databases/(default)","uid":"16c71c21-23d6-4308-bb33-146c6eda532e","createTime":"2026-01-11T18:48:02.032187Z","updateTime":"2026-01-11T18:48:02.032187Z","locationId":"asia-east1","type":"FIRESTORE_NATIVE","concurrencyMode":"PESSIMISTIC","versionRetentionPeriod":"3600s","earliestVersionTime":"2026-01-12T06:43:42.255354Z","appEngineIntegrationMode":"DISABLED","keyPrefix":"zde","pointInTimeRecoveryEnablement":"POINT_IN_TIME_RECOVERY_DISABLED","deleteProtectionState":"DELETE_PROTECTION_DISABLED","databaseEdition":"STANDARD","freeTier":true,"realtimeUpdatesMode":"REALTIME_UPDATES_MODE_ENABLED","etag":"IO6U3cXAhZIDMMHo3quThJID"}
[info] i  firestore: reading indexes from firestore.indexes.json... 
[info] i  cloud.firestore: checking firestore.rules for compilation errors... 
[debug] [2026-01-12T07:43:43.951Z] Checked if tokens are valid: true, expires at: 1768207418292
[debug] [2026-01-12T07:43:43.951Z] Checked if tokens are valid: true, expires at: 1768207418292
[debug] [2026-01-12T07:43:43.951Z] >>> [apiv2][query] POST https://firebaserules.googleapis.com/v1/projects/renomatedialysis:test [none]
[debug] [2026-01-12T07:43:43.951Z] >>> [apiv2][body] POST https://firebaserules.googleapis.com/v1/projects/renomatedialysis:test [omitted]
[debug] [2026-01-12T07:43:45.683Z] <<< [apiv2][status] POST https://firebaserules.googleapis.com/v1/projects/renomatedialysis:test 200
[debug] [2026-01-12T07:43:45.684Z] <<< [apiv2][body] POST https://firebaserules.googleapis.com/v1/projects/renomatedialysis:test {}
[info] +  cloud.firestore: rules file firestore.rules compiled successfully 
[debug] [2026-01-12T07:43:45.688Z] Checked if tokens are valid: true, expires at: 1768207418292
[debug] [2026-01-12T07:43:45.688Z] Checked if tokens are valid: true, expires at: 1768207418292
[debug] [2026-01-12T07:43:45.688Z] >>> [apiv2][query] GET https://cloudresourcemanager.googleapis.com/v1/projects/renomatedialysis [none]
[debug] [2026-01-12T07:43:46.029Z] <<< [apiv2][status] GET https://cloudresourcemanager.googleapis.com/v1/projects/renomatedialysis 200
[debug] [2026-01-12T07:43:46.030Z] <<< [apiv2][body] GET https://cloudresourcemanager.googleapis.com/v1/projects/renomatedialysis {"projectNumber":"978533233710","projectId":"renomatedialysis","lifecycleState":"ACTIVE","name":"renomatedialysis","labels":{"firebase":"enabled","firebase-core":"disabled"},"createTime":"2026-01-09T14:55:15.544444Z"}
[info] i  functions: preparing codebase default for deployment 
[info] i  functions: ensuring required API cloudfunctions.googleapis.com is enabled... 
[info] i  functions: ensuring required API cloudbuild.googleapis.com is enabled... 
[info] i  artifactregistry: ensuring required API artifactregistry.googleapis.com is enabled... 
[debug] [2026-01-12T07:43:46.037Z] Checked if tokens are valid: true, expires at: 1768207418292
[debug] [2026-01-12T07:43:46.037Z] Checked if tokens are valid: true, expires at: 1768207418292
[debug] [2026-01-12T07:43:46.037Z] >>> [apiv2][query] GET https://firebase.googleapis.com/v1beta1/projects/renomatedialysis/adminSdkConfig [none]
[debug] [2026-01-12T07:43:46.752Z] <<< [apiv2][status] GET https://firebase.googleapis.com/v1beta1/projects/renomatedialysis/adminSdkConfig 200
[debug] [2026-01-12T07:43:46.752Z] <<< [apiv2][body] GET https://firebase.googleapis.com/v1beta1/projects/renomatedialysis/adminSdkConfig {"projectId":"renomatedialysis","storageBucket":"renomatedialysis.firebasestorage.app"}
[debug] [2026-01-12T07:43:46.755Z] Validating nodejs source
[debug] [2026-01-12T07:43:48.998Z] > [functions] package.json contents: {
  "name": "functions",
  "description": "Cloud Functions for Firebase",
  "scripts": {
    "serve": "firebase emulators:start --only functions",
    "shell": "firebase functions:shell",
    "start": "npm run shell",
    "deploy": "firebase deploy --only functions",
    "logs": "firebase functions:log"
  },
  "engines": {
    "node": "24"
  },
  "main": "index.js",
  "dependencies": {
    "firebase-admin": "^13.6.0",
    "firebase-functions": "^7.0.0"
  },
  "devDependencies": {
    "firebase-functions-test": "^3.4.1"
  },
  "private": true
}
[debug] [2026-01-12T07:43:48.998Z] Building nodejs source
[info] i  functions: Loading and analyzing source code for codebase default to determine what to deploy 
[debug] [2026-01-12T07:43:49.004Z] Could not find functions.yaml. Must use http discovery
[debug] [2026-01-12T07:43:49.050Z] Found firebase-functions binary at 'C:\Users\Mohamed faseed\THE HYBIX\renomatedialysis\functions\node_modules\.bin\firebase-functions'
[info] Serving at port 8582

[debug] [2026-01-12T07:43:50.625Z] Got response from /__/functions.yaml {"endpoints":{},"specVersion":"v1alpha1","requiredAPIs":[],"extensions":{}}
[info] i  extensions: ensuring required API firebaseextensions.googleapis.com is enabled... 
[debug] [2026-01-12T07:43:54.685Z] > command requires scopes: ["email","openid","https://www.googleapis.com/auth/cloudplatformprojects.readonly","https://www.googleapis.com/auth/firebase","https://www.googleapis.com/auth/cloud-platform"]
[debug] [2026-01-12T07:43:54.685Z] > authorizing via signed-in user (faseedmohamed6@gmail.com)
[debug] [2026-01-12T07:43:54.685Z] [iam] checking project renomatedialysis for permissions ["firebase.projects.get","firebaseextensions.instances.list"]
[debug] [2026-01-12T07:43:54.687Z] Checked if tokens are valid: true, expires at: 1768207418292
[debug] [2026-01-12T07:43:54.687Z] Checked if tokens are valid: true, expires at: 1768207418292
[debug] [2026-01-12T07:43:54.687Z] >>> [apiv2][query] POST https://cloudresourcemanager.googleapis.com/v1/projects/renomatedialysis:testIamPermissions [none]
[debug] [2026-01-12T07:43:54.688Z] >>> [apiv2][(partial)header] POST https://cloudresourcemanager.googleapis.com/v1/projects/renomatedialysis:testIamPermissions x-goog-quota-user=projects/renomatedialysis
[debug] [2026-01-12T07:43:54.688Z] >>> [apiv2][body] POST https://cloudresourcemanager.googleapis.com/v1/projects/renomatedialysis:testIamPermissions {"permissions":["firebase.projects.get","firebaseextensions.instances.list"]}
[debug] [2026-01-12T07:43:56.280Z] <<< [apiv2][status] POST https://cloudresourcemanager.googleapis.com/v1/projects/renomatedialysis:testIamPermissions 200
[debug] [2026-01-12T07:43:56.280Z] <<< [apiv2][body] POST https://cloudresourcemanager.googleapis.com/v1/projects/renomatedialysis:testIamPermissions {"permissions":["firebase.projects.get","firebaseextensions.instances.list"]}
[debug] [2026-01-12T07:43:56.280Z] Checked if tokens are valid: true, expires at: 1768207418292
[debug] [2026-01-12T07:43:56.280Z] Checked if tokens are valid: true, expires at: 1768207418292
[debug] [2026-01-12T07:43:56.281Z] >>> [apiv2][query] GET https://firebaseextensions.googleapis.com/v1beta/projects/renomatedialysis/instances pageSize=100&pageToken=
[debug] [2026-01-12T07:43:57.923Z] <<< [apiv2][status] GET https://firebaseextensions.googleapis.com/v1beta/projects/renomatedialysis/instances 200
[debug] [2026-01-12T07:43:57.924Z] <<< [apiv2][body] GET https://firebaseextensions.googleapis.com/v1beta/projects/renomatedialysis/instances {}
[debug] [2026-01-12T07:43:57.931Z] Checked if tokens are valid: true, expires at: 1768207418292
[debug] [2026-01-12T07:43:57.931Z] Checked if tokens are valid: true, expires at: 1768207418292
[debug] [2026-01-12T07:43:57.931Z] >>> [apiv2][query] GET https://cloudfunctions.googleapis.com/v1/projects/renomatedialysis/locations/-/functions [none]
[debug] [2026-01-12T07:43:58.944Z] <<< [apiv2][status] GET https://cloudfunctions.googleapis.com/v1/projects/renomatedialysis/locations/-/functions 200
[debug] [2026-01-12T07:43:58.945Z] <<< [apiv2][body] GET https://cloudfunctions.googleapis.com/v1/projects/renomatedialysis/locations/-/functions {}
[debug] [2026-01-12T07:43:58.947Z] Checked if tokens are valid: true, expires at: 1768207418292
[debug] [2026-01-12T07:43:58.947Z] Checked if tokens are valid: true, expires at: 1768207418292
[debug] [2026-01-12T07:43:58.949Z] >>> [apiv2][query] GET https://cloudfunctions.googleapis.com/v2/projects/renomatedialysis/locations/-/functions filter=environment%3D%22GEN_2%22
[debug] [2026-01-12T07:44:00.635Z] <<< [apiv2][status] GET https://cloudfunctions.googleapis.com/v2/projects/renomatedialysis/locations/-/functions 200
[debug] [2026-01-12T07:44:00.636Z] <<< [apiv2][body] GET https://cloudfunctions.googleapis.com/v2/projects/renomatedialysis/locations/-/functions {}
[debug] [2026-01-12T07:44:00.655Z] Checked if tokens are valid: true, expires at: 1768207418292
[debug] [2026-01-12T07:44:00.655Z] Checked if tokens are valid: true, expires at: 1768207418292
[debug] [2026-01-12T07:44:00.655Z] >>> [apiv2][query] POST https://iam.googleapis.com/v1/projects/renomatedialysis/serviceAccounts/firebase-app-hosting-compute@renomatedialysis.iam.gserviceaccount.com:testIamPermissions [none]
[debug] [2026-01-12T07:44:00.655Z] >>> [apiv2][(partial)header] POST https://iam.googleapis.com/v1/projects/renomatedialysis/serviceAccounts/firebase-app-hosting-compute@renomatedialysis.iam.gserviceaccount.com:testIamPermissions x-goog-quota-user=projects/renomatedialysis
[debug] [2026-01-12T07:44:00.655Z] >>> [apiv2][body] POST https://iam.googleapis.com/v1/projects/renomatedialysis/serviceAccounts/firebase-app-hosting-compute@renomatedialysis.iam.gserviceaccount.com:testIamPermissions {"permissions":["iam.serviceAccounts.actAs"]}
[debug] [2026-01-12T07:44:02.388Z] <<< [apiv2][status] POST https://iam.googleapis.com/v1/projects/renomatedialysis/serviceAccounts/firebase-app-hosting-compute@renomatedialysis.iam.gserviceaccount.com:testIamPermissions 200
[debug] [2026-01-12T07:44:02.389Z] <<< [apiv2][body] POST https://iam.googleapis.com/v1/projects/renomatedialysis/serviceAccounts/firebase-app-hosting-compute@renomatedialysis.iam.gserviceaccount.com:testIamPermissions {"permissions":["iam.serviceAccounts.actAs"]}
[debug] [2026-01-12T07:44:02.390Z] Checked if tokens are valid: true, expires at: 1768207418292
[debug] [2026-01-12T07:44:02.390Z] Checked if tokens are valid: true, expires at: 1768207418292
[debug] [2026-01-12T07:44:02.391Z] >>> [apiv2][query] POST https://iam.googleapis.com/v1/projects/renomatedialysis/serviceAccounts [none]
[debug] [2026-01-12T07:44:02.391Z] >>> [apiv2][body] POST https://iam.googleapis.com/v1/projects/renomatedialysis/serviceAccounts {"accountId":"firebase-app-hosting-compute","serviceAccount":{"displayName":"Firebase App Hosting compute service account","description":"Default service account used to run builds and deploys for Firebase App Hosting"}}
[debug] [2026-01-12T07:44:04.151Z] <<< [apiv2][status] POST https://iam.googleapis.com/v1/projects/renomatedialysis/serviceAccounts 409
[debug] [2026-01-12T07:44:04.151Z] <<< [apiv2][body] POST https://iam.googleapis.com/v1/projects/renomatedialysis/serviceAccounts [omitted]
[debug] [2026-01-12T07:44:04.154Z] Checked if tokens are valid: true, expires at: 1768207418292
[debug] [2026-01-12T07:44:04.154Z] Checked if tokens are valid: true, expires at: 1768207418292
[debug] [2026-01-12T07:44:04.155Z] >>> [apiv2][query] POST https://cloudresourcemanager.googleapis.com/v1/projects/renomatedialysis:getIamPolicy [none]
[debug] [2026-01-12T07:44:05.768Z] <<< [apiv2][status] POST https://cloudresourcemanager.googleapis.com/v1/projects/renomatedialysis:getIamPolicy 200
[debug] [2026-01-12T07:44:05.768Z] <<< [apiv2][body] POST https://cloudresourcemanager.googleapis.com/v1/projects/renomatedialysis:getIamPolicy {"version":1,"etag":"BwZIIU9K/OA=","bindings":[{"role":"roles/artifactregistry.serviceAgent","members":["serviceAccount:service-978533233710@gcp-sa-artifactregistry.iam.gserviceaccount.com"]},{"role":"roles/cloudbuild.builds.builder","members":["serviceAccount:978533233710@cloudbuild.gserviceaccount.com"]},{"role":"roles/cloudbuild.serviceAgent","members":["serviceAccount:service-978533233710@gcp-sa-cloudbuild.iam.gserviceaccount.com"]},{"role":"roles/cloudfunctions.serviceAgent","members":["serviceAccount:service-978533233710@gcf-admin-robot.iam.gserviceaccount.com"]},{"role":"roles/containerregistry.ServiceAgent","members":["serviceAccount:service-978533233710@containerregistry.iam.gserviceaccount.com"]},{"role":"roles/developerconnect.readTokenAccessor","members":["serviceAccount:firebase-app-hosting-compute@renomatedialysis.iam.gserviceaccount.com"]},{"role":"roles/editor","members":["serviceAccount:978533233710-compute@developer.gserviceaccount.com","serviceAccount:978533233710@cloudservices.gserviceaccount.com","serviceAccount:renomatedialysis@appspot.gserviceaccount.com"]},{"role":"roles/firebase.managementServiceAgent","members":["serviceAccount:service-978533233710@gcp-sa-firebase.iam.gserviceaccount.com"]},{"role":"roles/firebase.sdkAdminServiceAgent","members":["serviceAccount:firebase-adminsdk-fbsvc@renomatedialysis.iam.gserviceaccount.com","serviceAccount:firebase-app-hosting-compute@renomatedialysis.iam.gserviceaccount.com"]},{"role":"roles/firebaseapphosting.computeRunner","members":["serviceAccount:firebase-app-hosting-compute@renomatedialysis.iam.gserviceaccount.com"]},{"role":"roles/firebaseapphosting.serviceAgent","members":["serviceAccount:service-978533233710@gcp-sa-firebaseapphosting.iam.gserviceaccount.com"]},{"role":"roles/firebasemods.serviceAgent","members":["serviceAccount:service-978533233710@gcp-sa-firebasemods.iam.gserviceaccount.com"]},{"role":"roles/firebaserules.system","members":["serviceAccount:service-978533233710@firebase-rules.iam.gserviceaccount.com"]},{"role":"roles/firestore.serviceAgent","members":["serviceAccount:service-978533233710@gcp-sa-firestore.iam.gserviceaccount.com"]},{"role":"roles/iam.serviceAccountTokenCreator","members":["serviceAccount:firebase-adminsdk-fbsvc@renomatedialysis.iam.gserviceaccount.com"]},{"role":"roles/owner","members":["user:faseedmohamed6@gmail.com"]},{"role":"roles/run.serviceAgent","members":["serviceAccount:service-978533233710@serverless-robot-prod.iam.gserviceaccount.com"]},{"role":"roles/storage.objectViewer","members":["serviceAccount:firebase-app-hosting-compute@renomatedialysis.iam.gserviceaccount.com"]}]}
[debug] [2026-01-12T07:44:05.770Z] Checked if tokens are valid: true, expires at: 1768207418292
[debug] [2026-01-12T07:44:05.770Z] Checked if tokens are valid: true, expires at: 1768207418292
[debug] [2026-01-12T07:44:05.771Z] >>> [apiv2][query] POST https://cloudresourcemanager.googleapis.com/v1/projects/renomatedialysis:setIamPolicy [none]
[debug] [2026-01-12T07:44:05.773Z] >>> [apiv2][body] POST https://cloudresourcemanager.googleapis.com/v1/projects/renomatedialysis:setIamPolicy {"policy":{"version":1,"etag":"BwZIIU9K/OA=","bindings":[{"role":"roles/artifactregistry.serviceAgent","members":["serviceAccount:service-978533233710@gcp-sa-artifactregistry.iam.gserviceaccount.com"]},{"role":"roles/cloudbuild.builds.builder","members":["serviceAccount:978533233710@cloudbuild.gserviceaccount.com"]},{"role":"roles/cloudbuild.serviceAgent","members":["serviceAccount:service-978533233710@gcp-sa-cloudbuild.iam.gserviceaccount.com"]},{"role":"roles/cloudfunctions.serviceAgent","members":["serviceAccount:service-978533233710@gcf-admin-robot.iam.gserviceaccount.com"]},{"role":"roles/containerregistry.ServiceAgent","members":["serviceAccount:service-978533233710@containerregistry.iam.gserviceaccount.com"]},{"role":"roles/developerconnect.readTokenAccessor","members":["serviceAccount:firebase-app-hosting-compute@renomatedialysis.iam.gserviceaccount.com"]},{"role":"roles/editor","members":["serviceAccount:978533233710-compute@developer.gserviceaccount.com","serviceAccount:978533233710@cloudservices.gserviceaccount.com","serviceAccount:renomatedialysis@appspot.gserviceaccount.com"]},{"role":"roles/firebase.managementServiceAgent","members":["serviceAccount:service-978533233710@gcp-sa-firebase.iam.gserviceaccount.com"]},{"role":"roles/firebase.sdkAdminServiceAgent","members":["serviceAccount:firebase-adminsdk-fbsvc@renomatedialysis.iam.gserviceaccount.com","serviceAccount:firebase-app-hosting-compute@renomatedialysis.iam.gserviceaccount.com"]},{"role":"roles/firebaseapphosting.computeRunner","members":["serviceAccount:firebase-app-hosting-compute@renomatedialysis.iam.gserviceaccount.com"]},{"role":"roles/firebaseapphosting.serviceAgent","members":["serviceAccount:service-978533233710@gcp-sa-firebaseapphosting.iam.gserviceaccount.com"]},{"role":"roles/firebasemods.serviceAgent","members":["serviceAccount:service-978533233710@gcp-sa-firebasemods.iam.gserviceaccount.com"]},{"role":"roles/firebaserules.system","members":["serviceAccount:service-978533233710@firebase-rules.iam.gserviceaccount.com"]},{"role":"roles/firestore.serviceAgent","members":["serviceAccount:service-978533233710@gcp-sa-firestore.iam.gserviceaccount.com"]},{"role":"roles/iam.serviceAccountTokenCreator","members":["serviceAccount:firebase-adminsdk-fbsvc@renomatedialysis.iam.gserviceaccount.com"]},{"role":"roles/owner","members":["user:faseedmohamed6@gmail.com"]},{"role":"roles/run.serviceAgent","members":["serviceAccount:service-978533233710@serverless-robot-prod.iam.gserviceaccount.com"]},{"role":"roles/storage.objectViewer","members":["serviceAccount:firebase-app-hosting-compute@renomatedialysis.iam.gserviceaccount.com"]}]},"updateMask":"bindings"}
[debug] [2026-01-12T07:44:06.943Z] <<< [apiv2][status] POST https://cloudresourcemanager.googleapis.com/v1/projects/renomatedialysis:setIamPolicy 200
[debug] [2026-01-12T07:44:06.944Z] <<< [apiv2][body] POST https://cloudresourcemanager.googleapis.com/v1/projects/renomatedialysis:setIamPolicy {"version":1,"etag":"BwZILAoZfRg=","bindings":[{"role":"roles/artifactregistry.serviceAgent","members":["serviceAccount:service-978533233710@gcp-sa-artifactregistry.iam.gserviceaccount.com"]},{"role":"roles/cloudbuild.builds.builder","members":["serviceAccount:978533233710@cloudbuild.gserviceaccount.com"]},{"role":"roles/cloudbuild.serviceAgent","members":["serviceAccount:service-978533233710@gcp-sa-cloudbuild.iam.gserviceaccount.com"]},{"role":"roles/cloudfunctions.serviceAgent","members":["serviceAccount:service-978533233710@gcf-admin-robot.iam.gserviceaccount.com"]},{"role":"roles/containerregistry.ServiceAgent","members":["serviceAccount:service-978533233710@containerregistry.iam.gserviceaccount.com"]},{"role":"roles/developerconnect.readTokenAccessor","members":["serviceAccount:firebase-app-hosting-compute@renomatedialysis.iam.gserviceaccount.com"]},{"role":"roles/editor","members":["serviceAccount:978533233710-compute@developer.gserviceaccount.com","serviceAccount:978533233710@cloudservices.gserviceaccount.com","serviceAccount:renomatedialysis@appspot.gserviceaccount.com"]},{"role":"roles/firebase.managementServiceAgent","members":["serviceAccount:service-978533233710@gcp-sa-firebase.iam.gserviceaccount.com"]},{"role":"roles/firebase.sdkAdminServiceAgent","members":["serviceAccount:firebase-adminsdk-fbsvc@renomatedialysis.iam.gserviceaccount.com","serviceAccount:firebase-app-hosting-compute@renomatedialysis.iam.gserviceaccount.com"]},{"role":"roles/firebaseapphosting.computeRunner","members":["serviceAccount:firebase-app-hosting-compute@renomatedialysis.iam.gserviceaccount.com"]},{"role":"roles/firebaseapphosting.serviceAgent","members":["serviceAccount:service-978533233710@gcp-sa-firebaseapphosting.iam.gserviceaccount.com"]},{"role":"roles/firebasemods.serviceAgent","members":["serviceAccount:service-978533233710@gcp-sa-firebasemods.iam.gserviceaccount.com"]},{"role":"roles/firebaserules.system","members":["serviceAccount:service-978533233710@firebase-rules.iam.gserviceaccount.com"]},{"role":"roles/firestore.serviceAgent","members":["serviceAccount:service-978533233710@gcp-sa-firestore.iam.gserviceaccount.com"]},{"role":"roles/iam.serviceAccountTokenCreator","members":["serviceAccount:firebase-adminsdk-fbsvc@renomatedialysis.iam.gserviceaccount.com"]},{"role":"roles/owner","members":["user:faseedmohamed6@gmail.com"]},{"role":"roles/run.serviceAgent","members":["serviceAccount:service-978533233710@serverless-robot-prod.iam.gserviceaccount.com"]},{"role":"roles/storage.objectViewer","members":["serviceAccount:firebase-app-hosting-compute@renomatedialysis.iam.gserviceaccount.com"]}]}
[debug] [2026-01-12T07:44:06.945Z] Checked if tokens are valid: true, expires at: 1768207418292
[debug] [2026-01-12T07:44:06.945Z] Checked if tokens are valid: true, expires at: 1768207418292
[debug] [2026-01-12T07:44:06.945Z] >>> [apiv2][query] GET https://firebaseapphosting.googleapis.com/v1beta/projects/renomatedialysis/locations/-/backends 
[debug] [2026-01-12T07:44:07.749Z] <<< [apiv2][status] GET https://firebaseapphosting.googleapis.com/v1beta/projects/renomatedialysis/locations/-/backends 200
[debug] [2026-01-12T07:44:07.749Z] <<< [apiv2][body] GET https://firebaseapphosting.googleapis.com/v1beta/projects/renomatedialysis/locations/-/backends {"backends":[{"name":"projects/renomatedialysis/locations/asia-east1/backends/renomatedialysis","createTime":"2026-01-11T18:44:41.811078473Z","updateTime":"2026-01-11T18:59:12.180888Z","labels":{"deployment-tool":"cli-firebase"},"uri":"renomatedialysis--renomatedialysis.asia-east1.hosted.app","managedResources":[{"runService":{"service":"projects/978533233710/locations/asia-east1/services/renomatedialysis"}}],"uid":"7baee5d4-da71-4bac-936d-514f68cf6cfe","etag":"f85TL7Pv9ClwY8zb3YOrNzZ3ZEB3kg_xAdrrdfCjK2k","reconciling":false,"servingLocality":"GLOBAL_ACCESS","serviceAccount":"firebase-app-hosting-compute@renomatedialysis.iam.gserviceaccount.com","appId":"1:978533233710:web:e756002eb7785cf59adbbf"}]}
[info] i  apphosting: Found backend(s) renomatedialysis 
[debug] [2026-01-12T07:44:07.753Z] Checked if tokens are valid: true, expires at: 1768207418292
[debug] [2026-01-12T07:44:07.753Z] Checked if tokens are valid: true, expires at: 1768207418292
[debug] [2026-01-12T07:44:07.754Z] >>> [apiv2][query] GET https://firebaserules.googleapis.com/v1/projects/renomatedialysis/releases pageSize=10&pageToken=
[debug] [2026-01-12T07:44:09.209Z] <<< [apiv2][status] GET https://firebaserules.googleapis.com/v1/projects/renomatedialysis/releases 200
[debug] [2026-01-12T07:44:09.210Z] <<< [apiv2][body] GET https://firebaserules.googleapis.com/v1/projects/renomatedialysis/releases {"releases":[{"name":"projects/renomatedialysis/releases/cloud.firestore","rulesetName":"projects/renomatedialysis/rulesets/fb18b08b-2f37-4d73-a83b-188966ca2b43","createTime":"2026-01-11T18:55:57.327448Z","updateTime":"2026-01-11T18:55:57.327448Z"}]}
[debug] [2026-01-12T07:44:09.211Z] Checked if tokens are valid: true, expires at: 1768207418292
[debug] [2026-01-12T07:44:09.211Z] Checked if tokens are valid: true, expires at: 1768207418292
[debug] [2026-01-12T07:44:09.212Z] >>> [apiv2][query] GET https://firebaserules.googleapis.com/v1/projects/renomatedialysis/rulesets/fb18b08b-2f37-4d73-a83b-188966ca2b43 [none]
[debug] [2026-01-12T07:44:10.543Z] <<< [apiv2][status] GET https://firebaserules.googleapis.com/v1/projects/renomatedialysis/rulesets/fb18b08b-2f37-4d73-a83b-188966ca2b43 200
[debug] [2026-01-12T07:44:10.543Z] <<< [apiv2][body] GET https://firebaserules.googleapis.com/v1/projects/renomatedialysis/rulesets/fb18b08b-2f37-4d73-a83b-188966ca2b43 [omitted]
[info] i  firestore: latest version of firestore.rules already up to date, skipping upload... 
[info] i  firestore: deploying indexes... 
[debug] [2026-01-12T07:44:10.550Z] Checked if tokens are valid: true, expires at: 1768207418292
[debug] [2026-01-12T07:44:10.550Z] Checked if tokens are valid: true, expires at: 1768207418292
[debug] [2026-01-12T07:44:10.550Z] >>> [apiv2][query] GET https://firestore.googleapis.com/v1/projects/renomatedialysis/databases/(default)/collectionGroups/-/indexes [none]
[debug] [2026-01-12T07:44:11.286Z] <<< [apiv2][status] GET https://firestore.googleapis.com/v1/projects/renomatedialysis/databases/(default)/collectionGroups/-/indexes 200
[debug] [2026-01-12T07:44:11.286Z] <<< [apiv2][body] GET https://firestore.googleapis.com/v1/projects/renomatedialysis/databases/(default)/collectionGroups/-/indexes {}
[debug] [2026-01-12T07:44:11.286Z] Checked if tokens are valid: true, expires at: 1768207418292
[debug] [2026-01-12T07:44:11.287Z] Checked if tokens are valid: true, expires at: 1768207418292
[debug] [2026-01-12T07:44:11.287Z] >>> [apiv2][query] GET https://firestore.googleapis.com/v1/projects/renomatedialysis/databases/(default)/collectionGroups/-/fields?filter=indexConfig.usesAncestorConfig=false OR ttlConfig:* [none]
[debug] [2026-01-12T07:44:11.553Z] <<< [apiv2][status] GET https://firestore.googleapis.com/v1/projects/renomatedialysis/databases/(default)/collectionGroups/-/fields?filter=indexConfig.usesAncestorConfig=false OR ttlConfig:* 200
[debug] [2026-01-12T07:44:11.554Z] <<< [apiv2][body] GET https://firestore.googleapis.com/v1/projects/renomatedialysis/databases/(default)/collectionGroups/-/fields?filter=indexConfig.usesAncestorConfig=false OR ttlConfig:* {"fields":[{"name":"projects/renomatedialysis/databases/(default)/collectionGroups/__default__/fields/*","indexConfig":{"indexes":[{"queryScope":"COLLECTION","fields":[{"fieldPath":"*","order":"ASCENDING"}],"state":"READY"},{"queryScope":"COLLECTION","fields":[{"fieldPath":"*","order":"DESCENDING"}],"state":"READY"},{"queryScope":"COLLECTION","fields":[{"fieldPath":"*","arrayConfig":"CONTAINS"}],"state":"READY"}]}}]}
[debug] [2026-01-12T07:44:11.554Z] Checked if tokens are valid: true, expires at: 1768207418292
[debug] [2026-01-12T07:44:11.554Z] Checked if tokens are valid: true, expires at: 1768207418292
[debug] [2026-01-12T07:44:11.555Z] >>> [apiv2][query] GET https://firestore.googleapis.com/v1/projects/renomatedialysis/databases/(default) [none]
[debug] [2026-01-12T07:44:11.796Z] <<< [apiv2][status] GET https://firestore.googleapis.com/v1/projects/renomatedialysis/databases/(default) 200
[debug] [2026-01-12T07:44:11.796Z] <<< [apiv2][body] GET https://firestore.googleapis.com/v1/projects/renomatedialysis/databases/(default) {"name":"projects/renomatedialysis/databases/(default)","uid":"16c71c21-23d6-4308-bb33-146c6eda532e","createTime":"2026-01-11T18:48:02.032187Z","updateTime":"2026-01-11T18:48:02.032187Z","locationId":"asia-east1","type":"FIRESTORE_NATIVE","concurrencyMode":"PESSIMISTIC","versionRetentionPeriod":"3600s","earliestVersionTime":"2026-01-12T06:44:10.365252Z","appEngineIntegrationMode":"DISABLED","keyPrefix":"zde","pointInTimeRecoveryEnablement":"POINT_IN_TIME_RECOVERY_DISABLED","deleteProtectionState":"DELETE_PROTECTION_DISABLED","databaseEdition":"STANDARD","freeTier":true,"realtimeUpdatesMode":"REALTIME_UPDATES_MODE_ENABLED","etag":"IMHrkNPAhZIDMMHo3quThJID"}
[info] +  firestore: deployed indexes in firestore.indexes.json successfully for (default) database 
[debug] [2026-01-12T07:44:11.799Z] Checked if tokens are valid: true, expires at: 1768207418292
[debug] [2026-01-12T07:44:11.799Z] Checked if tokens are valid: true, expires at: 1768207418292
[debug] [2026-01-12T07:44:11.800Z] >>> [apiv2][query] GET https://cloudbilling.googleapis.com/v1/projects/renomatedialysis/billingInfo [none]
[debug] [2026-01-12T07:44:13.244Z] <<< [apiv2][status] GET https://cloudbilling.googleapis.com/v1/projects/renomatedialysis/billingInfo 200
[debug] [2026-01-12T07:44:13.244Z] <<< [apiv2][body] GET https://cloudbilling.googleapis.com/v1/projects/renomatedialysis/billingInfo {"name":"projects/renomatedialysis/billingInfo","projectId":"renomatedialysis","billingAccountName":"billingAccounts/019DC2-43EC74-F4864F","billingEnabled":true}
[debug] [2026-01-12T07:44:13.252Z] Checked if tokens are valid: true, expires at: 1768207418292
[debug] [2026-01-12T07:44:13.252Z] Checked if tokens are valid: true, expires at: 1768207418292
[debug] [2026-01-12T07:44:13.252Z] >>> [apiv2][query] GET https://storage.googleapis.com/storage/v1/b?project=renomatedialysis 
[debug] [2026-01-12T07:44:14.314Z] <<< [apiv2][status] GET https://storage.googleapis.com/storage/v1/b?project=renomatedialysis 200
[debug] [2026-01-12T07:44:14.315Z] <<< [apiv2][body] GET https://storage.googleapis.com/storage/v1/b?project=renomatedialysis {"kind":"storage#buckets","items":[{"kind":"storage#bucket","selfLink":"https://www.googleapis.com/storage/v1/b/firebaseapphosting-sources-978533233710-asia-east1","id":"firebaseapphosting-sources-978533233710-asia-east1","name":"firebaseapphosting-sources-978533233710-asia-east1","projectNumber":"978533233710","generation":"1768157332232183436","metageneration":"1","location":"ASIA-EAST1","storageClass":"STANDARD","etag":"CAE=","timeCreated":"2026-01-11T18:48:52.389Z","updated":"2026-01-11T18:48:52.389Z","lifecycle":{"rule":[{"action":{"type":"Delete"},"condition":{"age":30}}]},"labels":{"apphosting-source-asia-east1":"true"},"softDeletePolicy":{"retentionDurationSeconds":"604800","effectiveTime":"2026-01-11T18:48:52.389Z"},"iamConfiguration":{"bucketPolicyOnly":{"enabled":false},"uniformBucketLevelAccess":{"enabled":false},"publicAccessPrevention":"inherited"},"locationType":"region","satisfiesPZI":true}]}
[info] i  apphosting: Zipped source for backend renomatedialysis 
[info] i  apphosting: Uploading source for backend renomatedialysis... 
[debug] [2026-01-12T07:44:25.204Z] Checked if tokens are valid: true, expires at: 1768207418292
[debug] [2026-01-12T07:44:25.204Z] Checked if tokens are valid: true, expires at: 1768207418292
[debug] [2026-01-12T07:44:25.205Z] >>> [apiv2][query] PUT https://storage.googleapis.com/firebaseapphosting-sources-978533233710-asia-east1/renomatedialysis--4232-U94hFe0GERxt-.zip [none]
[debug] [2026-01-12T07:44:25.205Z] >>> [apiv2][body] PUT https://storage.googleapis.com/firebaseapphosting-sources-978533233710-asia-east1/renomatedialysis--4232-U94hFe0GERxt-.zip [stream]
[debug] [2026-01-12T07:57:00.221Z] <<< [apiv2][status] PUT https://storage.googleapis.com/firebaseapphosting-sources-978533233710-asia-east1/renomatedialysis--4232-U94hFe0GERxt-.zip 200
[debug] [2026-01-12T07:57:00.221Z] <<< [apiv2][body] PUT https://storage.googleapis.com/firebaseapphosting-sources-978533233710-asia-east1/renomatedialysis--4232-U94hFe0GERxt-.zip undefined
[info] i  apphosting: Uploaded at gs://firebaseapphosting-sources-978533233710-asia-east1/renomatedialysis--4232-U94hFe0GERxt-.zip 
[debug] [2026-01-12T07:57:00.224Z] [rules] releasing cloud.firestore/(default) with ruleset projects/renomatedialysis/rulesets/fb18b08b-2f37-4d73-a83b-188966ca2b43
[debug] [2026-01-12T07:57:00.224Z] Checked if tokens are valid: true, expires at: 1768207418292
[debug] [2026-01-12T07:57:00.225Z] Checked if tokens are valid: true, expires at: 1768207418292
[debug] [2026-01-12T07:57:00.225Z] >>> [apiv2][query] PATCH https://firebaserules.googleapis.com/v1/projects/renomatedialysis/releases/cloud.firestore/(default) [none]
[debug] [2026-01-12T07:57:00.225Z] >>> [apiv2][body] PATCH https://firebaserules.googleapis.com/v1/projects/renomatedialysis/releases/cloud.firestore/(default) {"release":{"name":"projects/renomatedialysis/releases/cloud.firestore/(default)","rulesetName":"projects/renomatedialysis/rulesets/fb18b08b-2f37-4d73-a83b-188966ca2b43"}}
[debug] [2026-01-12T07:57:02.148Z] <<< [apiv2][status] PATCH https://firebaserules.googleapis.com/v1/projects/renomatedialysis/releases/cloud.firestore/(default) 200
[debug] [2026-01-12T07:57:02.148Z] <<< [apiv2][body] PATCH https://firebaserules.googleapis.com/v1/projects/renomatedialysis/releases/cloud.firestore/(default) {"name":"projects/renomatedialysis/releases/cloud.firestore","rulesetName":"projects/renomatedialysis/rulesets/fb18b08b-2f37-4d73-a83b-188966ca2b43","createTime":"2026-01-11T18:55:57.327448Z","updateTime":"2026-01-12T07:57:00.495027Z"}
[debug] [2026-01-12T07:57:02.149Z] [rules] updated release projects/renomatedialysis/releases/cloud.firestore
[info] +  firestore: released rules firestore.rules to cloud.firestore 
[debug] [2026-01-12T07:57:02.158Z] Total Function Deployment time: 0
[debug] [2026-01-12T07:57:02.158Z] 0 Functions Deployed
[debug] [2026-01-12T07:57:02.158Z] 0 Functions Errored
[debug] [2026-01-12T07:57:02.158Z] 0 Function Deployments Aborted
[debug] [2026-01-12T07:57:02.158Z] Average Function Deployment time: NaN
[debug] [2026-01-12T07:57:02.470Z] Checked if tokens are valid: true, expires at: 1768207418292
[debug] [2026-01-12T07:57:02.470Z] Checked if tokens are valid: true, expires at: 1768207418292
[debug] [2026-01-12T07:57:02.471Z] Checked if tokens are valid: true, expires at: 1768207418292
[debug] [2026-01-12T07:57:02.471Z] Checked if tokens are valid: true, expires at: 1768207418292
[info] i  apphosting: You may also track the rollout(s) at:
	https://console.firebase.google.com/project/renomatedialysis/apphosting 
[debug] [2026-01-12T07:57:02.487Z] >>> [apiv2][query] GET https://firebaseapphosting.googleapis.com/v1beta/projects/renomatedialysis/locations/asia-east1/backends/renomatedialysis/rollouts 
[debug] [2026-01-12T07:57:02.489Z] >>> [apiv2][query] GET https://firebaseapphosting.googleapis.com/v1beta/projects/renomatedialysis/locations/asia-east1/backends/renomatedialysis/builds 
[debug] [2026-01-12T07:57:03.177Z] <<< [apiv2][status] GET https://firebaseapphosting.googleapis.com/v1beta/projects/renomatedialysis/locations/asia-east1/backends/renomatedialysis/builds 200
[debug] [2026-01-12T07:57:03.178Z] <<< [apiv2][body] GET https://firebaseapphosting.googleapis.com/v1beta/projects/renomatedialysis/locations/asia-east1/backends/renomatedialysis/builds {"builds":[{"name":"projects/renomatedialysis/locations/asia-east1/backends/renomatedialysis/builds/build-2026-01-11-001","state":"READY","image":"asia-east1-docker.pkg.dev/renomatedialysis/firebaseapphosting-images/renomatedialysis:build-2026-01-11-001","config":{"runConfig":{"maxInstances":20},"env":[{"variable":"FIREBASE_CONFIG","value":"{\"databaseURL\":\"\",\"projectId\":\"renomatedialysis\",\"storageBucket\":\"renomatedialysis.firebasestorage.app\"}","availability":["BUILD","RUNTIME"]},{"variable":"FIREBASE_WEBAPP_CONFIG","value":"{\"apiKey\":\"AIzaSyBGUZJbf5XJlaDlJsDweq6-HlB5Q4CMeR0\",\"appId\":\"1:978533233710:web:e756002eb7785cf59adbbf\",\"authDomain\":\"renomatedialysis.firebaseapp.com\",\"databaseURL\":\"\",\"messagingSenderId\":\"978533233710\",\"projectId\":\"renomatedialysis\",\"storageBucket\":\"renomatedialysis.firebasestorage.app\"}","availability":["BUILD"]}]},"source":{"archive":{"rootDirectory":"/","userStorageUri":"gs://firebaseapphosting-sources-978533233710-asia-east1/renomatedialysis--28920-a4UzOoN6Rlrl-.zip"}},"buildLogsUri":"https://console.cloud.google.com/cloud-build/builds;region=asia-east1/4ca18c13-ba8b-454f-a629-edecdff16d5c?project=978533233710","createTime":"2026-01-11T18:55:59.077678008Z","updateTime":"2026-01-11T18:59:11.895754Z","labels":{"deployment-tool":"cli-firebase"},"uid":"b151a648-5c88-4e34-8c19-abb70c30b79d","etag":"f5VPlIChFUYzwcplH4QNaPLjPXkxcUTyw_ZKZs3U5xM","reconciling":false}]}
[debug] [2026-01-12T07:57:03.179Z] <<< [apiv2][status] GET https://firebaseapphosting.googleapis.com/v1beta/projects/renomatedialysis/locations/asia-east1/backends/renomatedialysis/rollouts 200
[debug] [2026-01-12T07:57:03.180Z] <<< [apiv2][body] GET https://firebaseapphosting.googleapis.com/v1beta/projects/renomatedialysis/locations/asia-east1/backends/renomatedialysis/rollouts {"rollouts":[{"name":"projects/renomatedialysis/locations/asia-east1/backends/renomatedialysis/rollouts/build-2026-01-11-001","createTime":"2026-01-11T18:55:59.874747848Z","updateTime":"2026-01-11T18:59:12.538136Z","state":"SUCCEEDED","build":"projects/renomatedialysis/locations/asia-east1/backends/renomatedialysis/builds/build-2026-01-11-001","labels":{"deployment-tool":"cli-firebase"},"uid":"3ffad7ae-a254-490e-aa6a-862313e7520d","etag":"0DG3hl16hqsrmCv4fTzDoKSlak3dSq1sF-Q5rxsaPL8","reconciling":false}]}
[debug] [2026-01-12T07:57:03.181Z] Checked if tokens are valid: true, expires at: 1768207418292
[debug] [2026-01-12T07:57:03.181Z] Checked if tokens are valid: true, expires at: 1768207418292
[debug] [2026-01-12T07:57:03.181Z] >>> [apiv2][query] POST https://firebaseapphosting.googleapis.com/v1beta/projects/renomatedialysis/locations/asia-east1/backends/renomatedialysis/builds buildId=build-2026-01-12-001
[debug] [2026-01-12T07:57:03.181Z] >>> [apiv2][body] POST https://firebaseapphosting.googleapis.com/v1beta/projects/renomatedialysis/locations/asia-east1/backends/renomatedialysis/builds {"source":{"archive":{"userStorageUri":"gs://firebaseapphosting-sources-978533233710-asia-east1/renomatedialysis--4232-U94hFe0GERxt-.zip","rootDirectory":"/"}},"labels":{"deployment-tool":"cli-firebase"}}
[debug] [2026-01-12T07:57:03.681Z] <<< [apiv2][status] POST https://firebaseapphosting.googleapis.com/v1beta/projects/renomatedialysis/locations/asia-east1/backends/renomatedialysis/builds 200
[debug] [2026-01-12T07:57:03.681Z] <<< [apiv2][body] POST https://firebaseapphosting.googleapis.com/v1beta/projects/renomatedialysis/locations/asia-east1/backends/renomatedialysis/builds {"name":"projects/renomatedialysis/locations/asia-east1/operations/operation-1768204622231-6482c3865f81a-0960a3d4-16e4aa2d","metadata":{"@type":"type.googleapis.com/google.firebase.apphosting.v1beta.OperationMetadata","createTime":"2026-01-12T07:57:02.271514502Z","target":"projects/renomatedialysis/locations/asia-east1/backends/renomatedialysis/builds/build-2026-01-12-001","verb":"create","requestedCancellation":false,"apiVersion":"v1beta"},"done":false}
[debug] [2026-01-12T07:57:03.681Z] Checked if tokens are valid: true, expires at: 1768207418292
[debug] [2026-01-12T07:57:03.682Z] Checked if tokens are valid: true, expires at: 1768207418292
[debug] [2026-01-12T07:57:03.682Z] >>> [apiv2][query] POST https://firebaseapphosting.googleapis.com/v1beta/projects/renomatedialysis/locations/asia-east1/backends/renomatedialysis/rollouts rolloutId=build-2026-01-12-001&validateOnly=true
[debug] [2026-01-12T07:57:03.682Z] >>> [apiv2][body] POST https://firebaseapphosting.googleapis.com/v1beta/projects/renomatedialysis/locations/asia-east1/backends/renomatedialysis/rollouts {"build":"projects/renomatedialysis/locations/asia-east1/backends/renomatedialysis/builds/build-2026-01-12-001","labels":{"deployment-tool":"cli-firebase"}}
[debug] [2026-01-12T07:57:04.184Z] <<< [apiv2][status] POST https://firebaseapphosting.googleapis.com/v1beta/projects/renomatedialysis/locations/asia-east1/backends/renomatedialysis/rollouts 200
[debug] [2026-01-12T07:57:04.184Z] <<< [apiv2][body] POST https://firebaseapphosting.googleapis.com/v1beta/projects/renomatedialysis/locations/asia-east1/backends/renomatedialysis/rollouts {"name":"","metadata":{},"done":true}
[debug] [2026-01-12T07:57:04.184Z] Checked if tokens are valid: true, expires at: 1768207418292
[debug] [2026-01-12T07:57:04.184Z] Checked if tokens are valid: true, expires at: 1768207418292
[debug] [2026-01-12T07:57:04.184Z] >>> [apiv2][query] POST https://firebaseapphosting.googleapis.com/v1beta/projects/renomatedialysis/locations/asia-east1/backends/renomatedialysis/rollouts rolloutId=build-2026-01-12-001&validateOnly=false
[debug] [2026-01-12T07:57:04.185Z] >>> [apiv2][body] POST https://firebaseapphosting.googleapis.com/v1beta/projects/renomatedialysis/locations/asia-east1/backends/renomatedialysis/rollouts {"build":"projects/renomatedialysis/locations/asia-east1/backends/renomatedialysis/builds/build-2026-01-12-001","labels":{"deployment-tool":"cli-firebase"}}
[debug] [2026-01-12T07:57:04.806Z] <<< [apiv2][status] POST https://firebaseapphosting.googleapis.com/v1beta/projects/renomatedialysis/locations/asia-east1/backends/renomatedialysis/rollouts 200
[debug] [2026-01-12T07:57:04.806Z] <<< [apiv2][body] POST https://firebaseapphosting.googleapis.com/v1beta/projects/renomatedialysis/locations/asia-east1/backends/renomatedialysis/rollouts {"name":"projects/renomatedialysis/locations/asia-east1/operations/operation-1768204623286-6482c38761281-cda8eae0-7a4bd014","metadata":{"@type":"type.googleapis.com/google.firebase.apphosting.v1beta.OperationMetadata","createTime":"2026-01-12T07:57:03.302061748Z","target":"projects/renomatedialysis/locations/asia-east1/backends/renomatedialysis/rollouts/build-2026-01-12-001","verb":"create","requestedCancellation":false,"apiVersion":"v1beta"},"done":false}
[debug] [2026-01-12T07:57:04.807Z] Checked if tokens are valid: true, expires at: 1768207418292
[debug] [2026-01-12T07:57:04.808Z] Checked if tokens are valid: true, expires at: 1768207418292
[debug] [2026-01-12T07:57:04.808Z] Checked if tokens are valid: true, expires at: 1768207418292
[debug] [2026-01-12T07:57:04.808Z] Checked if tokens are valid: true, expires at: 1768207418292
[debug] [2026-01-12T07:57:04.808Z] >>> [apiv2][query] GET https://firebaseapphosting.googleapis.com/v1beta/projects/renomatedialysis/locations/asia-east1/operations/operation-1768204623286-6482c38761281-cda8eae0-7a4bd014 [none]
[debug] [2026-01-12T07:57:04.809Z] >>> [apiv2][query] GET https://firebaseapphosting.googleapis.com/v1beta/projects/renomatedialysis/locations/asia-east1/operations/operation-1768204622231-6482c3865f81a-0960a3d4-16e4aa2d [none]
[debug] [2026-01-12T07:57:05.258Z] <<< [apiv2][status] GET https://firebaseapphosting.googleapis.com/v1beta/projects/renomatedialysis/locations/asia-east1/operations/operation-1768204623286-6482c38761281-cda8eae0-7a4bd014 200
[debug] [2026-01-12T07:57:05.259Z] <<< [apiv2][body] GET https://firebaseapphosting.googleapis.com/v1beta/projects/renomatedialysis/locations/asia-east1/operations/operation-1768204623286-6482c38761281-cda8eae0-7a4bd014 {"name":"projects/renomatedialysis/locations/asia-east1/operations/operation-1768204623286-6482c38761281-cda8eae0-7a4bd014","metadata":{"@type":"type.googleapis.com/google.firebase.apphosting.v1beta.OperationMetadata","createTime":"2026-01-12T07:57:03.302061748Z","endTime":"2026-01-12T07:57:03.338160056Z","target":"projects/renomatedialysis/locations/asia-east1/backends/renomatedialysis/rollouts/build-2026-01-12-001","verb":"create","requestedCancellation":false,"apiVersion":"v1beta"},"done":true,"response":{"@type":"type.googleapis.com/google.firebase.apphosting.v1beta.Rollout","name":"projects/renomatedialysis/locations/asia-east1/backends/renomatedialysis/rollouts/build-2026-01-12-001","createTime":"2026-01-12T07:57:03.296635898Z","updateTime":"2026-01-12T07:57:03.335414Z","state":"QUEUED","build":"projects/renomatedialysis/locations/asia-east1/backends/renomatedialysis/builds/build-2026-01-12-001","labels":{"deployment-tool":"cli-firebase"},"uid":"cf5eb97b-2b6c-4633-9ad2-f38a4414e86d","etag":"1zl-XqtFO5IH4DowHAq8ZR5Gs24D7B4u6HDVQxWrUxQ","reconciling":false}}
[debug] [2026-01-12T07:57:05.397Z] <<< [apiv2][status] GET https://firebaseapphosting.googleapis.com/v1beta/projects/renomatedialysis/locations/asia-east1/operations/operation-1768204622231-6482c3865f81a-0960a3d4-16e4aa2d 200
[debug] [2026-01-12T07:57:05.397Z] <<< [apiv2][body] GET https://firebaseapphosting.googleapis.com/v1beta/projects/renomatedialysis/locations/asia-east1/operations/operation-1768204622231-6482c3865f81a-0960a3d4-16e4aa2d {"name":"projects/renomatedialysis/locations/asia-east1/operations/operation-1768204622231-6482c3865f81a-0960a3d4-16e4aa2d","metadata":{"@type":"type.googleapis.com/google.firebase.apphosting.v1beta.OperationMetadata","createTime":"2026-01-12T07:57:02.271514502Z","target":"projects/renomatedialysis/locations/asia-east1/backends/renomatedialysis/builds/build-2026-01-12-001","verb":"create","requestedCancellation":false,"apiVersion":"v1beta"},"done":false}
[debug] [2026-01-12T07:57:05.900Z] [create-renomatedialysis-asia-east1-backend-renomatedialysis-build-build-2026-01-12-001] Retrying task index 0
[debug] [2026-01-12T07:57:05.901Z] Checked if tokens are valid: true, expires at: 1768207418292
[debug] [2026-01-12T07:57:05.901Z] Checked if tokens are valid: true, expires at: 1768207418292
[debug] [2026-01-12T07:57:05.901Z] >>> [apiv2][query] GET https://firebaseapphosting.googleapis.com/v1beta/projects/renomatedialysis/locations/asia-east1/operations/operation-1768204622231-6482c3865f81a-0960a3d4-16e4aa2d [none]
[debug] [2026-01-12T07:57:06.426Z] <<< [apiv2][status] GET https://firebaseapphosting.googleapis.com/v1beta/projects/renomatedialysis/locations/asia-east1/operations/operation-1768204622231-6482c3865f81a-0960a3d4-16e4aa2d 200
[debug] [2026-01-12T07:57:06.426Z] <<< [apiv2][body] GET https://firebaseapphosting.googleapis.com/v1beta/projects/renomatedialysis/locations/asia-east1/operations/operation-1768204622231-6482c3865f81a-0960a3d4-16e4aa2d {"name":"projects/renomatedialysis/locations/asia-east1/operations/operation-1768204622231-6482c3865f81a-0960a3d4-16e4aa2d","metadata":{"@type":"type.googleapis.com/google.firebase.apphosting.v1beta.OperationMetadata","createTime":"2026-01-12T07:57:02.271514502Z","target":"projects/renomatedialysis/locations/asia-east1/backends/renomatedialysis/builds/build-2026-01-12-001","verb":"create","requestedCancellation":false,"apiVersion":"v1beta"},"done":false}
[debug] [2026-01-12T07:57:07.427Z] [create-renomatedialysis-asia-east1-backend-renomatedialysis-build-build-2026-01-12-001] Retrying task index 0
[debug] [2026-01-12T07:57:07.427Z] Checked if tokens are valid: true, expires at: 1768207418292
[debug] [2026-01-12T07:57:07.428Z] Checked if tokens are valid: true, expires at: 1768207418292
[debug] [2026-01-12T07:57:07.428Z] >>> [apiv2][query] GET https://firebaseapphosting.googleapis.com/v1beta/projects/renomatedialysis/locations/asia-east1/operations/operation-1768204622231-6482c3865f81a-0960a3d4-16e4aa2d [none]
[debug] [2026-01-12T07:57:07.880Z] <<< [apiv2][status] GET https://firebaseapphosting.googleapis.com/v1beta/projects/renomatedialysis/locations/asia-east1/operations/operation-1768204622231-6482c3865f81a-0960a3d4-16e4aa2d 200
[debug] [2026-01-12T07:57:07.880Z] <<< [apiv2][body] GET https://firebaseapphosting.googleapis.com/v1beta/projects/renomatedialysis/locations/asia-east1/operations/operation-1768204622231-6482c3865f81a-0960a3d4-16e4aa2d {"name":"projects/renomatedialysis/locations/asia-east1/operations/operation-1768204622231-6482c3865f81a-0960a3d4-16e4aa2d","metadata":{"@type":"type.googleapis.com/google.firebase.apphosting.v1beta.OperationMetadata","createTime":"2026-01-12T07:57:02.271514502Z","target":"projects/renomatedialysis/locations/asia-east1/backends/renomatedialysis/builds/build-2026-01-12-001","verb":"create","requestedCancellation":false,"apiVersion":"v1beta"},"done":false}
[debug] [2026-01-12T07:57:09.887Z] [create-renomatedialysis-asia-east1-backend-renomatedialysis-build-build-2026-01-12-001] Retrying task index 0
[debug] [2026-01-12T07:57:09.888Z] Checked if tokens are valid: true, expires at: 1768207418292
[debug] [2026-01-12T07:57:09.888Z] Checked if tokens are valid: true, expires at: 1768207418292
[debug] [2026-01-12T07:57:09.888Z] >>> [apiv2][query] GET https://firebaseapphosting.googleapis.com/v1beta/projects/renomatedialysis/locations/asia-east1/operations/operation-1768204622231-6482c3865f81a-0960a3d4-16e4aa2d [none]
[debug] [2026-01-12T07:57:10.848Z] <<< [apiv2][status] GET https://firebaseapphosting.googleapis.com/v1beta/projects/renomatedialysis/locations/asia-east1/operations/operation-1768204622231-6482c3865f81a-0960a3d4-16e4aa2d 200
[debug] [2026-01-12T07:57:10.849Z] <<< [apiv2][body] GET https://firebaseapphosting.googleapis.com/v1beta/projects/renomatedialysis/locations/asia-east1/operations/operation-1768204622231-6482c3865f81a-0960a3d4-16e4aa2d {"name":"projects/renomatedialysis/locations/asia-east1/operations/operation-1768204622231-6482c3865f81a-0960a3d4-16e4aa2d","metadata":{"@type":"type.googleapis.com/google.firebase.apphosting.v1beta.OperationMetadata","createTime":"2026-01-12T07:57:02.271514502Z","target":"projects/renomatedialysis/locations/asia-east1/backends/renomatedialysis/builds/build-2026-01-12-001","verb":"create","requestedCancellation":false,"apiVersion":"v1beta"},"done":false}
[debug] [2026-01-12T07:57:14.853Z] [create-renomatedialysis-asia-east1-backend-renomatedialysis-build-build-2026-01-12-001] Retrying task index 0
[debug] [2026-01-12T07:57:14.853Z] Checked if tokens are valid: true, expires at: 1768207418292
[debug] [2026-01-12T07:57:14.853Z] Checked if tokens are valid: true, expires at: 1768207418292
[debug] [2026-01-12T07:57:14.853Z] >>> [apiv2][query] GET https://firebaseapphosting.googleapis.com/v1beta/projects/renomatedialysis/locations/asia-east1/operations/operation-1768204622231-6482c3865f81a-0960a3d4-16e4aa2d [none]
[debug] [2026-01-12T07:57:15.357Z] <<< [apiv2][status] GET https://firebaseapphosting.googleapis.com/v1beta/projects/renomatedialysis/locations/asia-east1/operations/operation-1768204622231-6482c3865f81a-0960a3d4-16e4aa2d 200
[debug] [2026-01-12T07:57:15.357Z] <<< [apiv2][body] GET https://firebaseapphosting.googleapis.com/v1beta/projects/renomatedialysis/locations/asia-east1/operations/operation-1768204622231-6482c3865f81a-0960a3d4-16e4aa2d {"name":"projects/renomatedialysis/locations/asia-east1/operations/operation-1768204622231-6482c3865f81a-0960a3d4-16e4aa2d","metadata":{"@type":"type.googleapis.com/google.firebase.apphosting.v1beta.OperationMetadata","createTime":"2026-01-12T07:57:02.271514502Z","target":"projects/renomatedialysis/locations/asia-east1/backends/renomatedialysis/builds/build-2026-01-12-001","verb":"create","requestedCancellation":false,"apiVersion":"v1beta"},"done":false}
[debug] [2026-01-12T07:57:23.370Z] [create-renomatedialysis-asia-east1-backend-renomatedialysis-build-build-2026-01-12-001] Retrying task index 0
[debug] [2026-01-12T07:57:23.370Z] Checked if tokens are valid: true, expires at: 1768207418292
[debug] [2026-01-12T07:57:23.371Z] Checked if tokens are valid: true, expires at: 1768207418292
[debug] [2026-01-12T07:57:23.371Z] >>> [apiv2][query] GET https://firebaseapphosting.googleapis.com/v1beta/projects/renomatedialysis/locations/asia-east1/operations/operation-1768204622231-6482c3865f81a-0960a3d4-16e4aa2d [none]
